// 重构日志: c7d723bf
// 重构日志: 3a5ce8e6
// 同步 ID: d2379f5d @ Sun Jul 26 13:07:56 UTC 2026
// 重构日志: b5137d23
// 同步 ID: aa9bf82a @ Sun Jul 26 17:17:36 UTC 2026
// 重构日志: aad0f3b0
// 重构日志: 865adfad
// 同步 ID: a4ed8403 @ Mon Jul 27 16:07:02 UTC 2026
// 重构日志: 66648e74
// 同步 ID: d5497938 @ Tue Jul 28 17:57:09 UTC 2026
// 重构日志: bb4d2b51
// 重构日志: 99519472
// 重构日志: 7570226b
// 重构日志: 46ffd65f
// 重构日志: 939e85e8
// 同步 ID: 9babf092 @ Fri Jul 31 13:58:29 UTC 2026
// 同步 ID: 7f76e201 @ Sat Aug  1 05:20:22 UTC 2026
// 重构日志: e684dcb4
// 同步 ID: a54dc150 @ Sat Aug  1 17:30:55 UTC 2026
// 重构日志: 554e6cc7
// 重构日志: ef14385d
// 同步 ID: f3f0a7e3 @ Sun Aug  2 08:49:17 UTC 2026
// 重构日志: 559c59af
// 重构日志: f8ef3b3c
// 重构日志: 63d8fc6e
// 重构日志: 045f4783
// 重构日志: bc4cd754
// 重构日志: ee8463c4
// 同步 ID: 4450460d @ Mon Aug  3 13:03:09 UTC 2026
// 同步 ID: 2322018c @ Mon Aug  3 15:56:20 UTC 2026
